<?xml version="1.0" encoding="utf-8"?>
<TestRun id="1b933a46-8e63-4f9a-9e03-0bd6dcae6eca" name="michs@BECKLEYPROART 2026-06-14 07:17:05" runUser="BECKLEYPROART\michs" xmlns="http://microsoft.com/schemas/VisualStudio/TeamTest/2010">
  <Times creation="2026-06-14T07:17:05.1588459-07:00" queuing="2026-06-14T07:17:05.1588462-07:00" start="2026-06-14T07:17:04.5726402-07:00" finish="2026-06-14T07:17:05.1622636-07:00" />
  <TestSettings name="default" id="6a1a2ffe-384e-4ec5-bc0e-f75b563b410e">
    <Deployment runDeploymentRoot="michs_BECKLEYPROART_2026-06-14_07_17_05" />
  </TestSettings>
  <Results>
    <UnitTestResult executionId="eb43fbf6-64e3-4dcc-b5ca-e2d7d951fcc3" testId="ad243c16-8428-d28e-7e23-2fd27c3ba3dc" testName="MaestroBackend.UnitTests.DebugSkeletonTests.DumpSkeletons" computerName="BECKLEYPROART" duration="00:00:00.0094061" startTime="2026-06-14T07:17:05.0555588-07:00" endTime="2026-06-14T07:17:05.0701457-07:00" testType="13cdc9d9-ddb5-4fa4-a97d-d965ccfc6d4b" outcome="Passed" testListId="8c84fa94-04c1-424b-9868-57a2d4851a1d" relativeResultsDirectory="eb43fbf6-64e3-4dcc-b5ca-e2d7d951fcc3" />
  </Results>
  <TestDefinitions>
    <UnitTest name="MaestroBackend.UnitTests.DebugSkeletonTests.DumpSkeletons" storage="d:\github\maestro\tests\maestrobackend.unittests\bin\debug\net10.0\maestrobackend.unittests.dll" id="ad243c16-8428-d28e-7e23-2fd27c3ba3dc">
      <Execution id="eb43fbf6-64e3-4dcc-b5ca-e2d7d951fcc3" />
      <TestMethod codeBase="D:\Github\Maestro\tests\MaestroBackend.UnitTests\bin\Debug\net10.0\MaestroBackend.UnitTests.dll" adapterTypeName="executor://xunit/VsTestRunner3/netcore/" className="MaestroBackend.UnitTests.DebugSkeletonTests" name="DumpSkeletons" />
    </UnitTest>
  </TestDefinitions>
  <TestEntries>
    <TestEntry testId="ad243c16-8428-d28e-7e23-2fd27c3ba3dc" executionId="eb43fbf6-64e3-4dcc-b5ca-e2d7d951fcc3" testListId="8c84fa94-04c1-424b-9868-57a2d4851a1d" />
  </TestEntries>
  <TestLists>
    <TestList name="Results Not in a List" id="8c84fa94-04c1-424b-9868-57a2d4851a1d" />
    <TestList name="All Loaded Results" id="19431567-8539-422a-85d7-44ee4e166bda" />
  </TestLists>
  <ResultSummary outcome="Completed">
    <Counters total="1" executed="1" passed="1" failed="0" error="0" timeout="0" aborted="0" inconclusive="0" passedButRunAborted="0" notRunnable="0" notExecuted="0" disconnected="0" warning="0" completed="0" inProgress="0" pending="0" />
    <Output>
      <StdOut>[xUnit.net 00:00:00.00] xUnit.net VSTest Adapter v3.1.4+50e68bbb8b (64-bit .NET 10.0.9)&#xD;
[xUnit.net 00:00:00.05]   Discovering: MaestroBackend.UnitTests&#xD;
[xUnit.net 00:00:00.09]   Discovered:  MaestroBackend.UnitTests&#xD;
[xUnit.net 00:00:00.10]   Starting:    MaestroBackend.UnitTests&#xD;
--- C# Skeleton ---&#xD;
public class MyClass { ... }&#xD;
... [1 lines omitted]&#xD;
HttpGet { ... }&#xD;
public Task&lt;IActionResult&gt; GetData() { ... }&#xD;
... [3 lines omitted]&#xD;
--- Go/Rust Skeleton ---&#xD;
func() { ... }&#xD;
... [2 lines omitted]&#xD;
pub fn main() { ... }&#xD;
... [2 lines omitted]&#xD;
[xUnit.net 00:00:00.14]   Finished:    MaestroBackend.UnitTests&#xD;
</StdOut>
    </Output>
  </ResultSummary>
</TestRun>